Archive member included to satisfy reference by file (symbol)

c:/program files (x86)/atmel/studio/7.0/toolchain/avr8/avr8-gnu-toolchain/bin/../lib/gcc/avr/5.4.0/avr5\libgcc.a(_exit.o)
                              C:/Program Files (x86)/Atmel/Studio/7.0/Packs/atmel/ATmega_DFP/1.2.209/gcc/dev/atmega32/avr5/crtatmega32.o (exit)
c:/program files (x86)/atmel/studio/7.0/toolchain/avr8/avr8-gnu-toolchain/bin/../lib/gcc/avr/5.4.0/avr5\libgcc.a(_copy_data.o)
                              APP/Cfg/PORT_Lcfg.o (__do_copy_data)

Discarded input sections

 .data          0x00000000        0x0 C:/Program Files (x86)/Atmel/Studio/7.0/Packs/atmel/ATmega_DFP/1.2.209/gcc/dev/atmega32/avr5/crtatmega32.o
 .bss           0x00000000        0x0 C:/Program Files (x86)/Atmel/Studio/7.0/Packs/atmel/ATmega_DFP/1.2.209/gcc/dev/atmega32/avr5/crtatmega32.o
 .text          0x00000000        0x0 APP/Application/main.o
 .data          0x00000000        0x0 APP/Application/main.o
 .bss           0x00000000        0x0 APP/Application/main.o
 .text          0x00000000        0x0 APP/Cfg/PORT_Lcfg.o
 .data          0x00000000        0x0 APP/Cfg/PORT_Lcfg.o
 .bss           0x00000000        0x0 APP/Cfg/PORT_Lcfg.o
 .text          0x00000000        0x0 HAL/BUTTON/BUTTON_Core.o
 .data          0x00000000        0x0 HAL/BUTTON/BUTTON_Core.o
 .bss           0x00000000        0x0 HAL/BUTTON/BUTTON_Core.o
 .text.BUTTON_GetValue
                0x00000000       0x4e HAL/BUTTON/BUTTON_Core.o
 .debug_info    0x00000000      0x19e HAL/BUTTON/BUTTON_Core.o
 .debug_abbrev  0x00000000      0x111 HAL/BUTTON/BUTTON_Core.o
 .debug_loc     0x00000000       0xc9 HAL/BUTTON/BUTTON_Core.o
 .debug_aranges
                0x00000000       0x20 HAL/BUTTON/BUTTON_Core.o
 .debug_ranges  0x00000000       0x10 HAL/BUTTON/BUTTON_Core.o
 .debug_line    0x00000000      0x172 HAL/BUTTON/BUTTON_Core.o
 .debug_str     0x00000000      0x239 HAL/BUTTON/BUTTON_Core.o
 .comment       0x00000000       0x31 HAL/BUTTON/BUTTON_Core.o
 .debug_frame   0x00000000       0x3c HAL/BUTTON/BUTTON_Core.o
 .text          0x00000000        0x0 HAL/BUZZER/BUZZER_Core.o
 .data          0x00000000        0x0 HAL/BUZZER/BUZZER_Core.o
 .bss           0x00000000        0x0 HAL/BUZZER/BUZZER_Core.o
 .text.Buzzer_start
                0x00000000       0x4c HAL/BUZZER/BUZZER_Core.o
 .debug_info    0x00000000      0x1cf HAL/BUZZER/BUZZER_Core.o
 .debug_abbrev  0x00000000      0x127 HAL/BUZZER/BUZZER_Core.o
 .debug_loc     0x00000000      0x10a HAL/BUZZER/BUZZER_Core.o
 .debug_aranges
                0x00000000       0x20 HAL/BUZZER/BUZZER_Core.o
 .debug_ranges  0x00000000       0x10 HAL/BUZZER/BUZZER_Core.o
 .debug_line    0x00000000      0x185 HAL/BUZZER/BUZZER_Core.o
 .debug_str     0x00000000      0x22f HAL/BUZZER/BUZZER_Core.o
 .comment       0x00000000       0x31 HAL/BUZZER/BUZZER_Core.o
 .debug_frame   0x00000000       0x30 HAL/BUZZER/BUZZER_Core.o
 .text          0x00000000        0x0 HAL/KeyPad/KEYPAD_Core.o
 .data          0x00000000        0x0 HAL/KeyPad/KEYPAD_Core.o
 .bss           0x00000000        0x0 HAL/KeyPad/KEYPAD_Core.o
 .text.keyPad_init
                0x00000000       0x22 HAL/KeyPad/KEYPAD_Core.o
 .text.KeyPad_GetValue
                0x00000000       0xa4 HAL/KeyPad/KEYPAD_Core.o
 .rodata.KEYPAD_VALUES
                0x00000000       0x10 HAL/KeyPad/KEYPAD_Core.o
 .debug_info    0x00000000      0x2ce HAL/KeyPad/KEYPAD_Core.o
 .debug_abbrev  0x00000000      0x15c HAL/KeyPad/KEYPAD_Core.o
 .debug_loc     0x00000000      0x16b HAL/KeyPad/KEYPAD_Core.o
 .debug_aranges
                0x00000000       0x28 HAL/KeyPad/KEYPAD_Core.o
 .debug_ranges  0x00000000       0x18 HAL/KeyPad/KEYPAD_Core.o
 .debug_line    0x00000000      0x1dc HAL/KeyPad/KEYPAD_Core.o
 .debug_str     0x00000000      0x29f HAL/KeyPad/KEYPAD_Core.o
 .comment       0x00000000       0x31 HAL/KeyPad/KEYPAD_Core.o
 .debug_frame   0x00000000       0x68 HAL/KeyPad/KEYPAD_Core.o
 .text          0x00000000        0x0 HAL/LED/LED_Core.o
 .data          0x00000000        0x0 HAL/LED/LED_Core.o
 .bss           0x00000000        0x0 HAL/LED/LED_Core.o
 .text.LED_off  0x00000000       0x2a HAL/LED/LED_Core.o
 .text.LED_toggle
                0x00000000       0x24 HAL/LED/LED_Core.o
 .text          0x00000000        0x0 HAL/SEVEN_SEGMENT/SevenSegment.o
 .data          0x00000000        0x0 HAL/SEVEN_SEGMENT/SevenSegment.o
 .bss           0x00000000        0x0 HAL/SEVEN_SEGMENT/SevenSegment.o
 .text.SevenSegment_DisplayDigits
                0x00000000       0x82 HAL/SEVEN_SEGMENT/SevenSegment.o
 .rodata.SevenSegmentValues
                0x00000000        0xa HAL/SEVEN_SEGMENT/SevenSegment.o
 .debug_info    0x00000000      0x257 HAL/SEVEN_SEGMENT/SevenSegment.o
 .debug_abbrev  0x00000000      0x140 HAL/SEVEN_SEGMENT/SevenSegment.o
 .debug_loc     0x00000000       0xe7 HAL/SEVEN_SEGMENT/SevenSegment.o
 .debug_aranges
                0x00000000       0x20 HAL/SEVEN_SEGMENT/SevenSegment.o
 .debug_ranges  0x00000000       0x10 HAL/SEVEN_SEGMENT/SevenSegment.o
 .debug_line    0x00000000      0x185 HAL/SEVEN_SEGMENT/SevenSegment.o
 .debug_str     0x00000000      0x270 HAL/SEVEN_SEGMENT/SevenSegment.o
 .comment       0x00000000       0x31 HAL/SEVEN_SEGMENT/SevenSegment.o
 .debug_frame   0x00000000       0x30 HAL/SEVEN_SEGMENT/SevenSegment.o
 .text          0x00000000        0x0 MCAL/DIO/DIO_Core.o
 .data          0x00000000        0x0 MCAL/DIO/DIO_Core.o
 .bss           0x00000000        0x0 MCAL/DIO/DIO_Core.o
 .text.DIO_ReadChannel
                0x00000000       0x8a MCAL/DIO/DIO_Core.o
 .text.DIO_FlipChannel
                0x00000000       0x82 MCAL/DIO/DIO_Core.o
 .text.DIO_SetPullup
                0x00000000       0x82 MCAL/DIO/DIO_Core.o
 .text.DIO_WritePortValue
                0x00000000       0x26 MCAL/DIO/DIO_Core.o
 .text.DIO_ReadPortValue
                0x00000000       0x30 MCAL/DIO/DIO_Core.o
 .text          0x00000000        0x0 MCAL/PORT/PORT_Core.o
 .data          0x00000000        0x0 MCAL/PORT/PORT_Core.o
 .bss           0x00000000        0x0 MCAL/PORT/PORT_Core.o
 .text          0x00000000        0x0 c:/program files (x86)/atmel/studio/7.0/toolchain/avr8/avr8-gnu-toolchain/bin/../lib/gcc/avr/5.4.0/avr5\libgcc.a(_exit.o)
 .data          0x00000000        0x0 c:/program files (x86)/atmel/studio/7.0/toolchain/avr8/avr8-gnu-toolchain/bin/../lib/gcc/avr/5.4.0/avr5\libgcc.a(_exit.o)
 .bss           0x00000000        0x0 c:/program files (x86)/atmel/studio/7.0/toolchain/avr8/avr8-gnu-toolchain/bin/../lib/gcc/avr/5.4.0/avr5\libgcc.a(_exit.o)
 .text.libgcc.mul
                0x00000000        0x0 c:/program files (x86)/atmel/studio/7.0/toolchain/avr8/avr8-gnu-toolchain/bin/../lib/gcc/avr/5.4.0/avr5\libgcc.a(_exit.o)
 .text.libgcc.div
                0x00000000        0x0 c:/program files (x86)/atmel/studio/7.0/toolchain/avr8/avr8-gnu-toolchain/bin/../lib/gcc/avr/5.4.0/avr5\libgcc.a(_exit.o)
 .text.libgcc   0x00000000        0x0 c:/program files (x86)/atmel/studio/7.0/toolchain/avr8/avr8-gnu-toolchain/bin/../lib/gcc/avr/5.4.0/avr5\libgcc.a(_exit.o)
 .text.libgcc.prologue
                0x00000000        0x0 c:/program files (x86)/atmel/studio/7.0/toolchain/avr8/avr8-gnu-toolchain/bin/../lib/gcc/avr/5.4.0/avr5\libgcc.a(_exit.o)
 .text.libgcc.builtins
                0x00000000        0x0 c:/program files (x86)/atmel/studio/7.0/toolchain/avr8/avr8-gnu-toolchain/bin/../lib/gcc/avr/5.4.0/avr5\libgcc.a(_exit.o)
 .text.libgcc.fmul
                0x00000000        0x0 c:/program files (x86)/atmel/studio/7.0/toolchain/avr8/avr8-gnu-toolchain/bin/../lib/gcc/avr/5.4.0/avr5\libgcc.a(_exit.o)
 .text.libgcc.fixed
                0x00000000        0x0 c:/program files (x86)/atmel/studio/7.0/toolchain/avr8/avr8-gnu-toolchain/bin/../lib/gcc/avr/5.4.0/avr5\libgcc.a(_exit.o)
 .text          0x00000000        0x0 c:/program files (x86)/atmel/studio/7.0/toolchain/avr8/avr8-gnu-toolchain/bin/../lib/gcc/avr/5.4.0/avr5\libgcc.a(_copy_data.o)
 .data          0x00000000        0x0 c:/program files (x86)/atmel/studio/7.0/toolchain/avr8/avr8-gnu-toolchain/bin/../lib/gcc/avr/5.4.0/avr5\libgcc.a(_copy_data.o)
 .bss           0x00000000        0x0 c:/program files (x86)/atmel/studio/7.0/toolchain/avr8/avr8-gnu-toolchain/bin/../lib/gcc/avr/5.4.0/avr5\libgcc.a(_copy_data.o)
 .text.libgcc.mul
                0x00000000        0x0 c:/program files (x86)/atmel/studio/7.0/toolchain/avr8/avr8-gnu-toolchain/bin/../lib/gcc/avr/5.4.0/avr5\libgcc.a(_copy_data.o)
 .text.libgcc.div
                0x00000000        0x0 c:/program files (x86)/atmel/studio/7.0/toolchain/avr8/avr8-gnu-toolchain/bin/../lib/gcc/avr/5.4.0/avr5\libgcc.a(_copy_data.o)
 .text.libgcc   0x00000000        0x0 c:/program files (x86)/atmel/studio/7.0/toolchain/avr8/avr8-gnu-toolchain/bin/../lib/gcc/avr/5.4.0/avr5\libgcc.a(_copy_data.o)
 .text.libgcc.prologue
                0x00000000        0x0 c:/program files (x86)/atmel/studio/7.0/toolchain/avr8/avr8-gnu-toolchain/bin/../lib/gcc/avr/5.4.0/avr5\libgcc.a(_copy_data.o)
 .text.libgcc.builtins
                0x00000000        0x0 c:/program files (x86)/atmel/studio/7.0/toolchain/avr8/avr8-gnu-toolchain/bin/../lib/gcc/avr/5.4.0/avr5\libgcc.a(_copy_data.o)
 .text.libgcc.fmul
                0x00000000        0x0 c:/program files (x86)/atmel/studio/7.0/toolchain/avr8/avr8-gnu-toolchain/bin/../lib/gcc/avr/5.4.0/avr5\libgcc.a(_copy_data.o)
 .text.libgcc.fixed
                0x00000000        0x0 c:/program files (x86)/atmel/studio/7.0/toolchain/avr8/avr8-gnu-toolchain/bin/../lib/gcc/avr/5.4.0/avr5\libgcc.a(_copy_data.o)

Memory Configuration

Name             Origin             Length             Attributes
text             0x00000000         0x00020000         xr
data             0x00800060         0x0000ffa0         rw !x
eeprom           0x00810000         0x00010000         rw !x
fuse             0x00820000         0x00000002         rw !x
lock             0x00830000         0x00000400         rw !x
signature        0x00840000         0x00000400         rw !x
user_signatures  0x00850000         0x00000400         rw !x
*default*        0x00000000         0xffffffff

Linker script and memory map

LOAD C:/Program Files (x86)/Atmel/Studio/7.0/Packs/atmel/ATmega_DFP/1.2.209/gcc/dev/atmega32/avr5/crtatmega32.o
LOAD APP/Application/main.o
LOAD APP/Cfg/PORT_Lcfg.o
LOAD HAL/BUTTON/BUTTON_Core.o
LOAD HAL/BUZZER/BUZZER_Core.o
LOAD HAL/KeyPad/KEYPAD_Core.o
LOAD HAL/LED/LED_Core.o
LOAD HAL/SEVEN_SEGMENT/SevenSegment.o
LOAD MCAL/DIO/DIO_Core.o
LOAD MCAL/PORT/PORT_Core.o
START GROUP
LOAD c:/program files (x86)/atmel/studio/7.0/toolchain/avr8/avr8-gnu-toolchain/bin/../lib/gcc/avr/5.4.0/../../../../avr/lib/avr5\libm.a
END GROUP
START GROUP
LOAD c:/program files (x86)/atmel/studio/7.0/toolchain/avr8/avr8-gnu-toolchain/bin/../lib/gcc/avr/5.4.0/avr5\libgcc.a
LOAD c:/program files (x86)/atmel/studio/7.0/toolchain/avr8/avr8-gnu-toolchain/bin/../lib/gcc/avr/5.4.0/../../../../avr/lib/avr5\libm.a
LOAD c:/program files (x86)/atmel/studio/7.0/toolchain/avr8/avr8-gnu-toolchain/bin/../lib/gcc/avr/5.4.0/../../../../avr/lib/avr5\libc.a
LOAD C:/Program Files (x86)/Atmel/Studio/7.0/Packs/atmel/ATmega_DFP/1.2.209/gcc/dev/atmega32/avr5\libatmega32.a
END GROUP
                0x00020000                __TEXT_REGION_LENGTH__ = DEFINED (__TEXT_REGION_LENGTH__)?__TEXT_REGION_LENGTH__:0x20000
                0x0000ffa0                __DATA_REGION_LENGTH__ = DEFINED (__DATA_REGION_LENGTH__)?__DATA_REGION_LENGTH__:0xffa0
                0x00010000                __EEPROM_REGION_LENGTH__ = DEFINED (__EEPROM_REGION_LENGTH__)?__EEPROM_REGION_LENGTH__:0x10000
                [0x00000002]                __FUSE_REGION_LENGTH__ = DEFINED (__FUSE_REGION_LENGTH__)?__FUSE_REGION_LENGTH__:0x400
                0x00000400                __LOCK_REGION_LENGTH__ = DEFINED (__LOCK_REGION_LENGTH__)?__LOCK_REGION_LENGTH__:0x400
                0x00000400                __SIGNATURE_REGION_LENGTH__ = DEFINED (__SIGNATURE_REGION_LENGTH__)?__SIGNATURE_REGION_LENGTH__:0x400
                0x00000400                __USER_SIGNATURE_REGION_LENGTH__ = DEFINED (__USER_SIGNATURE_REGION_LENGTH__)?__USER_SIGNATURE_REGION_LENGTH__:0x400

.hash
 *(.hash)

.dynsym
 *(.dynsym)

.dynstr
 *(.dynstr)

.gnu.version
 *(.gnu.version)

.gnu.version_d
 *(.gnu.version_d)

.gnu.version_r
 *(.gnu.version_r)

.rel.init
 *(.rel.init)

.rela.init
 *(.rela.init)

.rel.text
 *(.rel.text)
 *(.rel.text.*)
 *(.rel.gnu.linkonce.t*)

.rela.text
 *(.rela.text)
 *(.rela.text.*)
 *(.rela.gnu.linkonce.t*)

.rel.fini
 *(.rel.fini)

.rela.fini
 *(.rela.fini)

.rel.rodata
 *(.rel.rodata)
 *(.rel.rodata.*)
 *(.rel.gnu.linkonce.r*)

.rela.rodata
 *(.rela.rodata)
 *(.rela.rodata.*)
 *(.rela.gnu.linkonce.r*)

.rel.data
 *(.rel.data)
 *(.rel.data.*)
 *(.rel.gnu.linkonce.d*)

.rela.data
 *(.rela.data)
 *(.rela.data.*)
 *(.rela.gnu.linkonce.d*)

.rel.ctors
 *(.rel.ctors)

.rela.ctors
 *(.rela.ctors)

.rel.dtors
 *(.rel.dtors)

.rela.dtors
 *(.rela.dtors)

.rel.got
 *(.rel.got)

.rela.got
 *(.rela.got)

.rel.bss
 *(.rel.bss)

.rela.bss
 *(.rela.bss)

.rel.plt
 *(.rel.plt)

.rela.plt
 *(.rela.plt)

.text           0x00000000      0x2d2
 *(.vectors)
 .vectors       0x00000000       0x54 C:/Program Files (x86)/Atmel/Studio/7.0/Packs/atmel/ATmega_DFP/1.2.209/gcc/dev/atmega32/avr5/crtatmega32.o
                0x00000000                __vector_default
                0x00000000                __vectors
 *(.vectors)
 *(.progmem.gcc*)
                0x00000054                . = ALIGN (0x2)
                0x00000054                __trampolines_start = .
 *(.trampolines)
 .trampolines   0x00000054        0x0 linker stubs
 *(.trampolines*)
                0x00000054                __trampolines_end = .
 *libprintf_flt.a:*(.progmem.data)
 *libc.a:*(.progmem.data)
 *(.progmem*)
                0x00000054                . = ALIGN (0x2)
 *(.jumptables)
 *(.jumptables*)
 *(.lowtext)
 *(.lowtext*)
                0x00000054                __ctors_start = .
 *(.ctors)
                0x00000054                __ctors_end = .
                0x00000054                __dtors_start = .
 *(.dtors)
                0x00000054                __dtors_end = .
 SORT(*)(.ctors)
 SORT(*)(.dtors)
 *(.init0)
 .init0         0x00000054        0x0 C:/Program Files (x86)/Atmel/Studio/7.0/Packs/atmel/ATmega_DFP/1.2.209/gcc/dev/atmega32/avr5/crtatmega32.o
                0x00000054                __init
 *(.init0)
 *(.init1)
 *(.init1)
 *(.init2)
 .init2         0x00000054        0xc C:/Program Files (x86)/Atmel/Studio/7.0/Packs/atmel/ATmega_DFP/1.2.209/gcc/dev/atmega32/avr5/crtatmega32.o
 *(.init2)
 *(.init3)
 *(.init3)
 *(.init4)
 .init4         0x00000060       0x16 c:/program files (x86)/atmel/studio/7.0/toolchain/avr8/avr8-gnu-toolchain/bin/../lib/gcc/avr/5.4.0/avr5\libgcc.a(_copy_data.o)
                0x00000060                __do_copy_data
 *(.init4)
 *(.init5)
 *(.init5)
 *(.init6)
 *(.init6)
 *(.init7)
 *(.init7)
 *(.init8)
 *(.init8)
 *(.init9)
 .init9         0x00000076        0x8 C:/Program Files (x86)/Atmel/Studio/7.0/Packs/atmel/ATmega_DFP/1.2.209/gcc/dev/atmega32/avr5/crtatmega32.o
 *(.init9)
 *(.text)
 .text          0x0000007e        0x4 C:/Program Files (x86)/Atmel/Studio/7.0/Packs/atmel/ATmega_DFP/1.2.209/gcc/dev/atmega32/avr5/crtatmega32.o
                0x0000007e                __vector_1
                0x0000007e                __vector_12
                0x0000007e                __bad_interrupt
                0x0000007e                __vector_6
                0x0000007e                __vector_3
                0x0000007e                __vector_11
                0x0000007e                __vector_13
                0x0000007e                __vector_17
                0x0000007e                __vector_19
                0x0000007e                __vector_7
                0x0000007e                __vector_5
                0x0000007e                __vector_4
                0x0000007e                __vector_9
                0x0000007e                __vector_2
                0x0000007e                __vector_15
                0x0000007e                __vector_8
                0x0000007e                __vector_14
                0x0000007e                __vector_10
                0x0000007e                __vector_16
                0x0000007e                __vector_18
                0x0000007e                __vector_20
                0x00000082                . = ALIGN (0x2)
 *(.text.*)
 .text.main     0x00000082       0x18 APP/Application/main.o
                0x00000082                main
 .text.LED_on   0x0000009a       0x2a HAL/LED/LED_Core.o
                0x0000009a                LED_on
 .text.DIO_WriteChannel
                0x000000c4      0x104 MCAL/DIO/DIO_Core.o
                0x000000c4                DIO_WriteChannel
 .text.PORT_Init
                0x000001c8      0x106 MCAL/PORT/PORT_Core.o
                0x000001c8                PORT_Init
                0x000002ce                . = ALIGN (0x2)
 *(.fini9)
 .fini9         0x000002ce        0x0 c:/program files (x86)/atmel/studio/7.0/toolchain/avr8/avr8-gnu-toolchain/bin/../lib/gcc/avr/5.4.0/avr5\libgcc.a(_exit.o)
                0x000002ce                _exit
                0x000002ce                exit
 *(.fini9)
 *(.fini8)
 *(.fini8)
 *(.fini7)
 *(.fini7)
 *(.fini6)
 *(.fini6)
 *(.fini5)
 *(.fini5)
 *(.fini4)
 *(.fini4)
 *(.fini3)
 *(.fini3)
 *(.fini2)
 *(.fini2)
 *(.fini1)
 *(.fini1)
 *(.fini0)
 .fini0         0x000002ce        0x4 c:/program files (x86)/atmel/studio/7.0/toolchain/avr8/avr8-gnu-toolchain/bin/../lib/gcc/avr/5.4.0/avr5\libgcc.a(_exit.o)
 *(.fini0)
                0x000002d2                _etext = .

.data           0x00800060        0x6 load address 0x000002d2
                0x00800060                PROVIDE (__data_start, .)
 *(.data)
 *(.data*)
 .data.PORT_Init_Pins
                0x00800060        0x6 APP/Cfg/PORT_Lcfg.o
                0x00800060                PORT_Init_Pins
 *(.gnu.linkonce.d*)
 *(.rodata)
 *(.rodata*)
 *(.gnu.linkonce.r*)
                0x00800066                . = ALIGN (0x2)
                0x00800066                _edata = .
                0x00800066                PROVIDE (__data_end, .)

.bss            0x00800066        0x0
                [!provide]                PROVIDE (__bss_start, .)
 *(.bss)
 *(.bss*)
 *(COMMON)
                [!provide]                PROVIDE (__bss_end, .)
                0x000002d2                __data_load_start = LOADADDR (.data)
                0x000002d8                __data_load_end = (__data_load_start + SIZEOF (.data))

.noinit         0x00800066        0x0
                [!provide]                PROVIDE (__noinit_start, .)
 *(.noinit*)
                [!provide]                PROVIDE (__noinit_end, .)
                0x00800066                _end = .
                [!provide]                PROVIDE (__heap_start, .)

.eeprom         0x00810000        0x0
 *(.eeprom*)
                0x00810000                __eeprom_end = .

.fuse
 *(.fuse)
 *(.lfuse)
 *(.hfuse)
 *(.efuse)

.lock
 *(.lock*)

.signature
 *(.signature*)

.user_signatures
 *(.user_signatures*)

.stab
 *(.stab)

.stabstr
 *(.stabstr)

.stab.excl
 *(.stab.excl)

.stab.exclstr
 *(.stab.exclstr)

.stab.index
 *(.stab.index)

.stab.indexstr
 *(.stab.indexstr)

.comment        0x00000000       0x30
 *(.comment)
 .comment       0x00000000       0x30 APP/Application/main.o
                                 0x31 (size before relaxing)
 .comment       0x00000030       0x31 APP/Cfg/PORT_Lcfg.o
 .comment       0x00000030       0x31 HAL/LED/LED_Core.o
 .comment       0x00000030       0x31 MCAL/DIO/DIO_Core.o
 .comment       0x00000030       0x31 MCAL/PORT/PORT_Core.o

.note.gnu.avr.deviceinfo
                0x00000000       0x3c
 .note.gnu.avr.deviceinfo
                0x00000000       0x3c C:/Program Files (x86)/Atmel/Studio/7.0/Packs/atmel/ATmega_DFP/1.2.209/gcc/dev/atmega32/avr5/crtatmega32.o

.note.gnu.build-id
 *(.note.gnu.build-id)

.debug
 *(.debug)

.line
 *(.line)

.debug_srcinfo
 *(.debug_srcinfo)

.debug_sfnames
 *(.debug_sfnames)

.debug_aranges  0x00000000       0xd0
 *(.debug_aranges)
 .debug_aranges
                0x00000000       0x20 APP/Application/main.o
 .debug_aranges
                0x00000020       0x18 APP/Cfg/PORT_Lcfg.o
 .debug_aranges
                0x00000038       0x30 HAL/LED/LED_Core.o
 .debug_aranges
                0x00000068       0x48 MCAL/DIO/DIO_Core.o
 .debug_aranges
                0x000000b0       0x20 MCAL/PORT/PORT_Core.o

.debug_pubnames
 *(.debug_pubnames)

.debug_info     0x00000000      0xe24
 *(.debug_info .gnu.linkonce.wi.*)
 .debug_info    0x00000000      0x4e6 C:/Program Files (x86)/Atmel/Studio/7.0/Packs/atmel/ATmega_DFP/1.2.209/gcc/dev/atmega32/avr5/crtatmega32.o
 .debug_info    0x000004e6      0x108 APP/Application/main.o
 .debug_info    0x000005ee      0x17a APP/Cfg/PORT_Lcfg.o
 .debug_info    0x00000768      0x1e2 HAL/LED/LED_Core.o
 .debug_info    0x0000094a      0x281 MCAL/DIO/DIO_Core.o
 .debug_info    0x00000bcb      0x259 MCAL/PORT/PORT_Core.o

.debug_abbrev   0x00000000      0x835
 *(.debug_abbrev)
 .debug_abbrev  0x00000000      0x4a3 C:/Program Files (x86)/Atmel/Studio/7.0/Packs/atmel/ATmega_DFP/1.2.209/gcc/dev/atmega32/avr5/crtatmega32.o
 .debug_abbrev  0x000004a3       0x99 APP/Application/main.o
 .debug_abbrev  0x0000053c       0x7f APP/Cfg/PORT_Lcfg.o
 .debug_abbrev  0x000005bb       0xb0 HAL/LED/LED_Core.o
 .debug_abbrev  0x0000066b       0xf3 MCAL/DIO/DIO_Core.o
 .debug_abbrev  0x0000075e       0xd7 MCAL/PORT/PORT_Core.o

.debug_line     0x00000000      0x639
 *(.debug_line .debug_line.* .debug_line_end)
 .debug_line    0x00000000      0x115 C:/Program Files (x86)/Atmel/Studio/7.0/Packs/atmel/ATmega_DFP/1.2.209/gcc/dev/atmega32/avr5/crtatmega32.o
 .debug_line    0x00000115       0xb0 APP/Application/main.o
 .debug_line    0x000001c5       0x43 APP/Cfg/PORT_Lcfg.o
 .debug_line    0x00000208       0xfc HAL/LED/LED_Core.o
 .debug_line    0x00000304      0x228 MCAL/DIO/DIO_Core.o
 .debug_line    0x0000052c      0x10d MCAL/PORT/PORT_Core.o

.debug_frame    0x00000000      0x100
 *(.debug_frame)
 .debug_frame   0x00000000       0x24 APP/Application/main.o
 .debug_frame   0x00000024       0x44 HAL/LED/LED_Core.o
 .debug_frame   0x00000068       0x74 MCAL/DIO/DIO_Core.o
 .debug_frame   0x000000dc       0x24 MCAL/PORT/PORT_Core.o

.debug_str      0x00000000      0x632
 *(.debug_str)
 .debug_str     0x00000000      0x196 C:/Program Files (x86)/Atmel/Studio/7.0/Packs/atmel/ATmega_DFP/1.2.209/gcc/dev/atmega32/avr5/crtatmega32.o
 .debug_str     0x00000196      0x18d APP/Application/main.o
                                0x1c6 (size before relaxing)
 .debug_str     0x00000323      0x204 APP/Cfg/PORT_Lcfg.o
                                0x30c (size before relaxing)
 .debug_str     0x00000527       0x63 HAL/LED/LED_Core.o
                                0x1c0 (size before relaxing)
 .debug_str     0x0000058a       0x82 MCAL/DIO/DIO_Core.o
                                0x210 (size before relaxing)
 .debug_str     0x0000060c       0x26 MCAL/PORT/PORT_Core.o
                                0x381 (size before relaxing)

.debug_loc      0x00000000      0x7f6
 *(.debug_loc)
 .debug_loc     0x00000000       0xf9 HAL/LED/LED_Core.o
 .debug_loc     0x000000f9      0x4b0 MCAL/DIO/DIO_Core.o
 .debug_loc     0x000005a9      0x24d MCAL/PORT/PORT_Core.o

.debug_macinfo
 *(.debug_macinfo)

.debug_weaknames
 *(.debug_weaknames)

.debug_funcnames
 *(.debug_funcnames)

.debug_typenames
 *(.debug_typenames)

.debug_varnames
 *(.debug_varnames)

.debug_pubtypes
 *(.debug_pubtypes)

.debug_ranges   0x00000000       0x78
 *(.debug_ranges)
 .debug_ranges  0x00000000       0x10 APP/Application/main.o
 .debug_ranges  0x00000010       0x20 HAL/LED/LED_Core.o
 .debug_ranges  0x00000030       0x38 MCAL/DIO/DIO_Core.o
 .debug_ranges  0x00000068       0x10 MCAL/PORT/PORT_Core.o

.debug_macro
 *(.debug_macro)
OUTPUT(COTS.elf elf32-avr)
LOAD linker stubs
